// Jest Snapshot v1, https://goo.gl/fbAQLP

exports[`FilterComics renders correctly 1`] = `
Array [
  <div
    className="sc-fubCfw kleonc"
  >
    <b>
      Filter by creator: 
    </b>
     
    <select
      className="sc-pFZIQ jEJBT"
      onChange={[Function]}
    >
      <option
        value="All"
      >
        All
      </option>
    </select>
  </div>,
  <ion-spinner
    name="bubbles"
    style={
      Object {
        "color": "red",
        "margin": "auto",
        "transform": "scale(5)",
      }
    }
  />,
]
`;
