// Jest Snapshot v1, https://goo.gl/fbAQLP

exports[`FilterComics renders correctly 1`] = `
<div
  className="sc-fubCfw kleonc"
>
  <b>
    Filter by creator: 
  </b>
   
  <select
    className="sc-pFZIQ jEJBT"
    onChange={[Function]}
  >
    <option
      value="All"
    >
      All
    </option>
  </select>
</div>
`;
